// Jest Snapshot v1, https://goo.gl/fbAQLP

exports[`Badge should render 1`] = `
<View
  style={Object {}}
>
  <Text>
    badge
  </Text>
</View>
`;
