// Jest Snapshot v1, https://goo.gl/fbAQLP

exports[`Icon should render 1`] = `
<View
  style={Object {}}
>
  <Text>
    icon
  </Text>
</View>
`;
