// Jest Snapshot v1, https://goo.gl/fbAQLP

exports[`Timeline should render 1`] = `
<View
  style={Object {}}
>
  <Text>
    timeline
  </Text>
</View>
`;
