// Jest Snapshot v1, https://goo.gl/fbAQLP

exports[`AppBar should render 1`] = `
<View
  style={Object {}}
>
  <Text>
    app bar
  </Text>
</View>
`;
