// Jest Snapshot v1, https://goo.gl/fbAQLP

exports[`GNB should render 1`] = `
<View
  style={Object {}}
>
  <Text>
    GNB
  </Text>
</View>
`;
