// Jest Snapshot v1, https://goo.gl/fbAQLP

exports[`Container should render 1`] = `
<View
  class={null}
  style={
    Array [
      Object {
        "backgroundColor": "#ffffff",
        "height": "100%",
      },
      null,
    ]
  }
/>
`;
