// Jest Snapshot v1, https://goo.gl/fbAQLP

exports[`Divider should render 1`] = `
<View
  style={Object {}}
>
  <Text>
    divider
  </Text>
</View>
`;
