// Jest Snapshot v1, https://goo.gl/fbAQLP

exports[`Tab should render 1`] = `
<View
  style={Object {}}
>
  <Text>
    tab
  </Text>
</View>
`;
