// Jest Snapshot v1, https://goo.gl/fbAQLP

exports[`TimePicker should render 1`] = `
<View
  style={Object {}}
>
  <Text>
    time picker
  </Text>
</View>
`;
