// Jest Snapshot v1, https://goo.gl/fbAQLP

exports[`Toast should render 1`] = `
<View
  style={Object {}}
>
  <Text>
    toast
  </Text>
</View>
`;
