// Jest Snapshot v1, https://goo.gl/fbAQLP

exports[`Avatar should render 1`] = `
<View
  style={Object {}}
>
  <Text>
    avatar
  </Text>
</View>
`;
