// Jest Snapshot v1, https://goo.gl/fbAQLP

exports[`DropDown should render 1`] = `
<View
  style={Object {}}
>
  <Text>
    drop down
  </Text>
</View>
`;
