// Jest Snapshot v1, https://goo.gl/fbAQLP

exports[`DatePicker should render 1`] = `
<View
  style={Object {}}
>
  <Text>
    date picker
  </Text>
</View>
`;
