// Jest Snapshot v1, https://goo.gl/fbAQLP

exports[`Label should render 1`] = `
<View
  style={Object {}}
>
  <Text>
    label
  </Text>
</View>
`;
