// Jest Snapshot v1, https://goo.gl/fbAQLP

exports[`CheckBox should render 1`] = `
<View
  style={Object {}}
>
  <Text>
    checkbox
  </Text>
</View>
`;
