// Jest Snapshot v1, https://goo.gl/fbAQLP

exports[`Overlay should render 1`] = `
<View
  style={Object {}}
>
  <Text>
    overlay
  </Text>
</View>
`;
