// Jest Snapshot v1, https://goo.gl/fbAQLP

exports[`Col should render 1`] = `
<View
  style={Object {}}
>
  <Text>
    col
  </Text>
</View>
`;
