// Jest Snapshot v1, https://goo.gl/fbAQLP

exports[`Flex should render 1`] = `
<View
  style={Object {}}
>
  <Text>
    flex
  </Text>
</View>
`;
