// Jest Snapshot v1, https://goo.gl/fbAQLP

exports[`Row should render 1`] = `
<View
  style={Object {}}
>
  <Text>
    layout
  </Text>
</View>
`;
