// Jest Snapshot v1, https://goo.gl/fbAQLP

exports[`Select should render 1`] = `
<View
  style={Object {}}
>
  <Text>
    select
  </Text>
</View>
`;
