// Jest Snapshot v1, https://goo.gl/fbAQLP

exports[`TextArea should render 1`] = `
<View
  style={Object {}}
>
  <Text>
    text area
  </Text>
</View>
`;
