// Jest Snapshot v1, https://goo.gl/fbAQLP

exports[`TextBox should render 1`] = `
<View
  style={Object {}}
>
  <Text>
    text box
  </Text>
</View>
`;
