// Jest Snapshot v1, https://goo.gl/fbAQLP

exports[`Chip should render 1`] = `
<View
  style={Object {}}
>
  <Text>
    chip
  </Text>
</View>
`;
